==============================
*** Open Babel Warning  in Translate
  Cannot perform atom type translation: table cannot find requested types.
==============================
*** Open Babel Warning  in ReadMolecule
  This Mol2 file is non-standard. Problem with molecule: Molecule Name Cannot interpret atom types correctly, instead attempting to interpret atom type: P as elements instead.
==============================
*** Open Babel Warning  in Translate
  Cannot perform atom type translation: table cannot find requested types.
==============================
*** Open Babel Warning  in Translate
  Cannot perform atom type translation: table cannot find requested types.
==============================
*** Open Babel Warning  in ReadMolecule
  This Mol2 file is non-standard. Problem with molecule: Molecule Name Cannot interpret atom types correctly, instead attempting to interpret atom type: P as elements instead.
==============================
*** Open Babel Warning  in Translate
  Cannot perform atom type translation: table cannot find requested types.
==============================
*** Open Babel Warning  in Translate
  Cannot perform atom type translation: table cannot find requested types.
==============================
*** Open Babel Warning  in ReadMolecule
  This Mol2 file is non-standard. Problem with molecule: Molecule Name Cannot interpret atom types correctly, instead attempting to interpret atom type: O as elements instead.
==============================
*** Open Babel Warning  in Translate
  Cannot perform atom type translation: table cannot find requested types.
==============================
*** Open Babel Warning  in Translate
  Cannot perform atom type translation: table cannot find requested types.
==============================
*** Open Babel Warning  in ReadMolecule
  This Mol2 file is non-standard. Problem with molecule: Molecule Name Cannot interpret atom types correctly, instead attempting to interpret atom type: O as elements instead.
==============================
*** Open Babel Warning  in Translate
  Cannot perform atom type translation: table cannot find requested types.
==============================
*** Open Babel Warning  in Translate
  Cannot perform atom type translation: table cannot find requested types.
==============================
*** Open Babel Warning  in ReadMolecule
  This Mol2 file is non-standard. Problem with molecule: Molecule Name Cannot interpret atom types correctly, instead attempting to interpret atom type: O as elements instead.
==============================
*** Open Babel Warning  in Translate
  Cannot perform atom type translation: table cannot find requested types.
==============================
*** Open Babel Warning  in Translate
  Cannot perform atom type translation: table cannot find requested types.
==============================
*** Open Babel Warning  in ReadMolecule
  This Mol2 file is non-standard. Problem with molecule: Molecule Name Cannot interpret atom types correctly, instead attempting to interpret atom type: O as elements instead.
==============================
*** Open Babel Warning  in Translate
  Cannot perform atom type translation: table cannot find requested types.
==============================
*** Open Babel Warning  in Translate
  Cannot perform atom type translation: table cannot find requested types.
==============================
*** Open Babel Warning  in ReadMolecule
  This Mol2 file is non-standard. Problem with molecule: Molecule Name Cannot interpret atom types correctly, instead attempting to interpret atom type: O as elements instead.
==============================
*** Open Babel Warning  in Translate
  Cannot perform atom type translation: table cannot find requested types.
==============================
*** Open Babel Warning  in Translate
  Cannot perform atom type translation: table cannot find requested types.
==============================
*** Open Babel Warning  in ReadMolecule
  This Mol2 file is non-standard. Problem with molecule: Molecule Name Cannot interpret atom types correctly, instead attempting to interpret atom type: O as elements instead.
==============================
*** Open Babel Warning  in Translate
  Cannot perform atom type translation: table cannot find requested types.
==============================
*** Open Babel Warning  in Translate
  Cannot perform atom type translation: table cannot find requested types.
==============================
*** Open Babel Warning  in ReadMolecule
  This Mol2 file is non-standard. Problem with molecule: Molecule Name Cannot interpret atom types correctly, instead attempting to interpret atom type: O as elements instead.
==============================
*** Open Babel Warning  in Translate
  Cannot perform atom type translation: table cannot find requested types.
==============================
*** Open Babel Warning  in Translate
  Cannot perform atom type translation: table cannot find requested types.
==============================
*** Open Babel Warning  in ReadMolecule
  This Mol2 file is non-standard. Problem with molecule: Molecule Name Cannot interpret atom types correctly, instead attempting to interpret atom type: O as elements instead.
==============================
*** Open Babel Warning  in Translate
  Cannot perform atom type translation: table cannot find requested types.
==============================
*** Open Babel Warning  in Translate
  Cannot perform atom type translation: table cannot find requested types.
==============================
*** Open Babel Warning  in ReadMolecule
  This Mol2 file is non-standard. Problem with molecule: Molecule Name Cannot interpret atom types correctly, instead attempting to interpret atom type: O as elements instead.
==============================
*** Open Babel Warning  in Translate
  Cannot perform atom type translation: table cannot find requested types.
==============================
*** Open Babel Warning  in Translate
  Cannot perform atom type translation: table cannot find requested types.
==============================
*** Open Babel Warning  in ReadMolecule
  This Mol2 file is non-standard. Problem with molecule: Molecule Name Cannot interpret atom types correctly, instead attempting to interpret atom type: O as elements instead.
==============================
*** Open Babel Warning  in Translate
  Cannot perform atom type translation: table cannot find requested types.
==============================
*** Open Babel Warning  in Translate
  Cannot perform atom type translation: table cannot find requested types.
==============================
*** Open Babel Warning  in ReadMolecule
  This Mol2 file is non-standard. Problem with molecule: Molecule Name Cannot interpret atom types correctly, instead attempting to interpret atom type: O as elements instead.
==============================
*** Open Babel Warning  in Translate
  Cannot perform atom type translation: table cannot find requested types.
==============================
*** Open Babel Warning  in Translate
  Cannot perform atom type translation: table cannot find requested types.
==============================
*** Open Babel Warning  in ReadMolecule
  This Mol2 file is non-standard. Problem with molecule: Molecule Name Cannot interpret atom types correctly, instead attempting to interpret atom type: O as elements instead.
==============================
*** Open Babel Warning  in Translate
  Cannot perform atom type translation: table cannot find requested types.
1 molecule converted
